C51 COMPILER V9.57.0.0   MAIN                                                              03/26/2026 20:35:11 PAGE 1   


C51 COMPILER V9.57.0.0, COMPILATION OF MODULE MAIN
OBJECT MODULE PLACED IN .\Objects\main.obj
COMPILER INVOKED BY: D:\keil51\C51\BIN\C51.EXE main.c OPTIMIZE(8,SPEED) BROWSE DEBUG OBJECTEXTEND PRINT(.\Listings\main.
                    -lst) OBJECT(.\Objects\main.obj)

line level    source

   1          /*
   2          |=0x01 : 把第零位强制变成1,其他的不变
   3          &=0x01 : 只保留第零位,其他的强制变成0
   4          !=0x01 : 只会比较这一位的真假,返回0/1,不改变值
   5          */
   6          
   7          #include <REGX52.H>
   8          #include "LCD1602.h"
   9          #include "DS1302.h"
  10          #include "Timer0.h"
  11          #include "Key.h"
  12          #include "Delay.h"
  13          
  14          unsigned char KeyNum,MODE = 0,TimeSetSelect,TimeSetFlashFlag;
  15          
  16          void TimeShow(void)
  17          {
  18   1          DS1302_ReadTime();
  19   1              
  20   1              LCD_ShowNum(1,1,DS1302_Time[0],2);
  21   1              LCD_ShowNum(1,4,DS1302_Time[1],2);
  22   1              LCD_ShowNum(1,7,DS1302_Time[2],2);
  23   1              LCD_ShowNum(2,1,DS1302_Time[3],2);
  24   1              LCD_ShowNum(2,4,DS1302_Time[4],2);
  25   1              LCD_ShowNum(2,7,DS1302_Time[5],2);  
  26   1      }
  27          
  28          
  29          //按键1:切换时钟模式还是设置模式
  30          //按键2:选择要编辑的位,00-05分别是年月日时分秒
  31          //按键3:对选择的位进行+1操作
  32          //按键4:对选择的位进行-1操作
  33          
  34          void TimeSet(void)
  35          {
  36   1          
  37   1         if(KeyNum == 2)
  38   1             {
  39   2                  TimeSetSelect ++;
  40   2                 //if(TimeSetSelect > 5) TimeSetSelect = 0;
  41   2                  TimeSetSelect %= 6;
  42   2                 //LCD_ShowNum(2,10,TimeSetSelect,2);//测试当前位置是哪一个显示在屏幕上
  43   2             }       
  44   1             
  45   1             //在对所选位进行加减操作的时候还需要进行参数的合法性检查
  46   1             //到了某个值需要清零的得清零
  47   1             
  48   1         if(KeyNum == 3)
  49   1             {
  50   2                 DS1302_Time[TimeSetSelect]++;
  51   2                 
  52   2                 if(DS1302_Time[0] > 99){DS1302_Time[0] = 0;}//年
  53   2                 
  54   2                 
C51 COMPILER V9.57.0.0   MAIN                                                              03/26/2026 20:35:11 PAGE 2   

  55   2                 if(DS1302_Time[1] > 12){DS1302_Time[1] = 1;}//月
  56   2                 if(DS1302_Time[1] == 1 || DS1302_Time[1] == 3 || DS1302_Time[1] == 5 || DS1302_Time[1] == 7 || 
             -DS1302_Time[1] == 8 || DS1302_Time[1] == 10 || DS1302_Time[1] == 12)
  57   2                 {
  58   3                      if(DS1302_Time[2] > 31){DS1302_Time[2] = 1;}//31天月份 
  59   3                 }
  60   2        
  61   2                 else if(DS1302_Time[1] == 4 || DS1302_Time[1] == 6 || DS1302_Time[1] == 9 || DS1302_Time[1] == 
             -11) //三十天月份                  
  62   2                     {
  63   3                         if(DS1302_Time[2] > 30){DS1302_Time[2] = 1;}
  64   3                     }                   
  65   2      
  66   2                 else if(DS1302_Time[1] == 2)
  67   2                 {
  68   3                     if(DS1302_Time[0] % 4 == 0)
  69   3                         {
  70   4                              if(DS1302_Time[2] > 29){DS1302_Time[2] = 1;}
  71   4                         
  72   4                             
  73   4                         }
  74   3                         else{
  75   4                                   if(DS1302_Time[2] > 28){DS1302_Time[2] = 1;}
  76   4                             }
  77   3                 }
  78   2                                    
  79   2                 
  80   2                 
  81   2                 if(DS1302_Time[3] > 23){DS1302_Time[3] = 0;}//时
  82   2                 if(DS1302_Time[4] > 59){DS1302_Time[4] = 0;}//分
  83   2                 if(DS1302_Time[5] > 59){DS1302_Time[5] = 0;}//秒
  84   2                    
  85   2             }         
  86   1             
  87   1             
  88   1             
  89   1         if(KeyNum == 4)
  90   1             {
  91   2                 DS1302_Time[TimeSetSelect]--;
  92   2                 if(DS1302_Time[0] == 255){DS1302_Time[0] = 99;}//年
  93   2                 if(DS1302_Time[1] < 1){DS1302_Time[1] = 12;}//月
  94   2                 if(DS1302_Time[1] == 1 || DS1302_Time[1] == 3 || DS1302_Time[1] == 5 || DS1302_Time[1] == 7 || 
             -DS1302_Time[1] == 8 || DS1302_Time[1] == 10 || DS1302_Time[1] == 12)
  95   2                 {
  96   3                      if(DS1302_Time[2] < 1){DS1302_Time[2] = 31;}//31天月份           
  97   3                 }
  98   2        
  99   2                 else if(DS1302_Time[1] == 4 || DS1302_Time[1] == 6 || DS1302_Time[1] == 9 || DS1302_Time[1] == 
             -11) //三十天月份                  
 100   2                     {
 101   3                         if(DS1302_Time[2] < 1){DS1302_Time[2] = 30;}
 102   3                                         if(DS1302_Time[2] > 30){DS1302_Time[2] = 1;}//防止出现日期大于该月份的日期
 103   3                     }                   
 104   2      
 105   2                            
 106   2                 else if(DS1302_Time[1] == 2)
 107   2                 {
 108   3                     if(DS1302_Time[0] % 4 == 0)
 109   3                         {
 110   4                              if(DS1302_Time[2] < 1){DS1302_Time[2] = 29;}
 111   4                                                      if(DS1302_Time[2] > 29){DS1302_Time[2] = 1;}//防止出现日期大于该月份的日期
 112   4                         
C51 COMPILER V9.57.0.0   MAIN                                                              03/26/2026 20:35:11 PAGE 3   

 113   4                             
 114   4                         }
 115   3                         else{
 116   4                                   if(DS1302_Time[2] < 1){DS1302_Time[2] = 28;}
 117   4                                                               if(DS1302_Time[2] > 28){DS1302_Time[2] = 1;}//防止出现日期大于月份的总日期
 118   4                             }
 119   3                 }
 120   2                 
 121   2                 
 122   2                 if(DS1302_Time[3] == 255){DS1302_Time[3] = 23;}//时
 123   2                 if(DS1302_Time[4] == 255){DS1302_Time[4] = 59;}//分
 124   2                 if(DS1302_Time[5] == 255){DS1302_Time[5] = 59;}//秒
 125   2                 
 126   2                 
 127   2             }
 128   1                 
 129   1                 if(TimeSetSelect == 0 && TimeSetFlashFlag == 1){LCD_ShowString(1,1,"  ");}
 130   1                 else{LCD_ShowNum(1,1,DS1302_Time[0],2);}
 131   1                 if(TimeSetSelect == 1 && TimeSetFlashFlag == 1){LCD_ShowString(1,4,"  ");}
 132   1                 else{LCD_ShowNum(1,4,DS1302_Time[1],2);}
 133   1                 if(TimeSetSelect == 2 && TimeSetFlashFlag == 1){LCD_ShowString(1,7,"  ");}
 134   1                 else{LCD_ShowNum(1,7,DS1302_Time[2],2);}
 135   1                 if(TimeSetSelect == 3 && TimeSetFlashFlag == 1){LCD_ShowString(2,1,"  ");}
 136   1                 else{LCD_ShowNum(2,1,DS1302_Time[3],2);}
 137   1                 if(TimeSetSelect == 4 && TimeSetFlashFlag == 1){LCD_ShowString(2,4,"  ");}
 138   1                 else{LCD_ShowNum(2,4,DS1302_Time[4],2);}
 139   1                 if(TimeSetSelect == 5 && TimeSetFlashFlag == 1){LCD_ShowString(2,7,"  ");}
 140   1                 else{LCD_ShowNum(2,7,DS1302_Time[5],2);}
 141   1                      
 142   1          
 143   1          //设置完成之后要进行显示的更新
 144   1      //    LCD_ShowNum(1,1,DS1302_Time[0],2);
 145   1      //      LCD_ShowNum(1,4,DS1302_Time[1],2);
 146   1      //      LCD_ShowNum(1,7,DS1302_Time[2],2);
 147   1      //      LCD_ShowNum(2,1,DS1302_Time[3],2);
 148   1      //      LCD_ShowNum(2,4,DS1302_Time[4],2);
 149   1      //      LCD_ShowNum(2,7,DS1302_Time[5],2);  
 150   1              //LCD_ShowNum(2,10,TimeSetSelect,2);//测试选择位置是否功能正确
 151   1              //LCD_ShowNum(2,13,TimeSetFlashFlag,2);//测试位置闪烁功能是否正确
 152   1          
 153   1      }
 154          
 155          
 156          void main()
 157          {
 158   1          LCD_Init();//初始化LCD1602
 159   1              DS1302_Init();//初始化DS1302
 160   1          DS1302_SetTime();//设置时间
 161   1              Timer0_Init();
 162   1              //固定显示格式,一直显示不变
 163   1          LCD_ShowString(1,1,"  -  -  ");
 164   1              LCD_ShowString(2,1,"  :  :  ");
 165   1              
 166   1              
 167   1          
 168   1          while(1)
 169   1          {
 170   2              KeyNum = Key();
 171   2              if(KeyNum==1)//交替切换模式
 172   2              {       
 173   3                  if(MODE==0){MODE = 1;}
 174   3                  else if(MODE==1){MODE = 0;DS1302_SetTime();}
C51 COMPILER V9.57.0.0   MAIN                                                              03/26/2026 20:35:11 PAGE 4   

 175   3              }
 176   2              
 177   2              switch(MODE)
 178   2              {
 179   3                  case 0:TimeShow();break;//时钟显示模式
 180   3                  case 1:TimeSet();break;//时钟设置模式
 181   3                  
 182   3                  
 183   3              }
 184   2              
 185   2              
 186   2              
 187   2              
 188   2                      
 189   2            
 190   2          }
 191   1      }
 192          
 193          
 194          
 195          void Timer0_Routine()interrupt 1
 196          {
 197   1          //static可以要该值在结束后保留不会消失
 198   1          //将数据放在静态存储区
 199   1          static unsigned int T0Count = 0;
 200   1          
 201   1          TH0 = 64635 / 256;
 202   1          TL0 = 64535 % 256;
 203   1          TF0 = 0;
 204   1          T0Count ++;
 205   1          //当1ms的中断触发后执行中断函数内指令
 206   1          //要讲定时器高低8位重置,并且计数器 TCount + 1
 207   1          
 208   1          if(T0Count >= 500)//规定500ms
 209   1          {
 210   2              //P2_0 = ~P2_0;
 211   2              T0Count = 0;     
 212   2              TimeSetFlashFlag =! TimeSetFlashFlag;
 213   2          }
 214   1      }
 215          
 216          
 217          
 218          
 219          /*
 220          BCD码转十进制:DEC = BCD/16*10 + BCD % 16;
 221          十进制转BCD码:BCD = DEC/10*16 + DEC % 10;
 222          */


MODULE INFORMATION:   STATIC OVERLAYABLE
   CODE SIZE        =    872    ----
   CONSTANT SIZE    =     21    ----
   XDATA SIZE       =   ----    ----
   PDATA SIZE       =   ----    ----
   DATA SIZE        =     12    ----
   IDATA SIZE       =   ----    ----
   BIT SIZE         =   ----    ----
END OF MODULE INFORMATION.


C51 COMPILATION COMPLETE.  0 WARNING(S),  0 ERROR(S)
