BL51 BANKED LINKER/LOCATER V6.22.4.0                                                    04/02/2026  09:39:21  PAGE 1


BL51 BANKED LINKER/LOCATER V6.22.4.0, INVOKED BY:
C:\KEIL_V5\C51\BIN\BL51.EXE .\Objects\main.obj, .\Objects\Timer0.obj, .\Objects\Delay.obj, .\Objects\Key.obj, .\Objects\
>> nixie.obj TO .\Objects\project PRINT (.\Listings\project.m51) RAMSIZE (256)


MEMORY MODEL: SMALL


INPUT MODULES INCLUDED:
  .\Objects\main.obj (MAIN)
  .\Objects\Timer0.obj (TIMER0)
  .\Objects\Delay.obj (DELAY)
  .\Objects\Key.obj (KEY)
  .\Objects\nixie.obj (NIXIE)
  C:\KEIL_V5\C51\LIB\C51S.LIB (?C_STARTUP)
  C:\KEIL_V5\C51\LIB\C51S.LIB (?C_INIT)


LINK MAP OF MODULE:  .\Objects\project (MAIN)


            TYPE    BASE      LENGTH    RELOCATION   SEGMENT NAME
            -----------------------------------------------------

            * * * * * * *   D A T A   M E M O R Y   * * * * * * *
            REG     0000H     0008H     ABSOLUTE     "REG BANK 0"
            DATA    0008H     0020H     UNIT         ?DT?NIXIE
            DATA    0028H     0004H     UNIT         ?DT?MAIN
            DATA    002CH     0003H     UNIT         _DATA_GROUP_
            IDATA   002FH     0001H     UNIT         ?STACK

            * * * * * * *   C O D E   M E M O R Y   * * * * * * *
            CODE    0000H     0003H     ABSOLUTE     
                    0003H     0008H                  *** GAP ***
            CODE    000BH     0003H     ABSOLUTE     
                    000EH     07F2H                  *** GAP ***
            CODE    0800H     008CH     UNIT         ?C_C51STARTUP
            CODE    088CH     0069H     UNIT         ?PR?_NIXIE?NIXIE
            CODE    08F5H     0062H     UNIT         ?PR?MAIN?MAIN
            CODE    0957H     0061H     UNIT         ?PR?KEY?KEY
            CODE    09B8H     002BH     UNIT         ?PR?TIMER0_ROUTINE?MAIN
            CODE    09E3H     0024H     UNIT         ?PR?_DELAY?DELAY
            CODE    0A07H     0024H     UNIT         ?C_INITSEG
            CODE    0A2BH     0017H     UNIT         ?PR?TIMER0_INIT?TIMER0



OVERLAY MAP OF MODULE:   .\Objects\project (MAIN)


SEGMENT                           DATA_GROUP 
  +--> CALLED SEGMENT           START    LENGTH
-----------------------------------------------
?C_C51STARTUP                   -----    -----
  +--> ?PR?MAIN?MAIN
  +--> ?C_INITSEG

?PR?MAIN?MAIN                   -----    -----
BL51 BANKED LINKER/LOCATER V6.22.4.0                                                  04/02/2026  09:39:21  PAGE 2


  +--> ?PR?TIMER0_INIT?TIMER0
  +--> ?PR?KEY?KEY
  +--> ?PR?_NIXIE?NIXIE

?PR?KEY?KEY                     002CH    0001H
  +--> ?PR?_DELAY?DELAY

?PR?_DELAY?DELAY                002DH    0002H



SYMBOL TABLE OF MODULE:  .\Objects\project (MAIN)

  VALUE           TYPE          NAME
  ----------------------------------

  -------         MODULE        MAIN
  C:0000H         SYMBOL        _ICE_DUMMY_
  C:09B8H         PUBLIC        Timer0_Routine
  D:0090H         PUBLIC        P1
  D:00A0H         PUBLIC        P2
  B:0090H.0       PUBLIC        Motor
  C:08F5H         PUBLIC        main
  D:0028H         PUBLIC        Compare
  D:008CH         PUBLIC        TH0
  D:008AH         PUBLIC        TL0
  D:0029H         PUBLIC        KeyNum
  D:002AH         PUBLIC        Counter
  D:002BH         PUBLIC        Speed
  -------         PROC          MAIN
  C:08F5H         LINE#         19
  C:08F5H         LINE#         20
  C:08F5H         LINE#         24
  C:08F8H         LINE#         27
  C:08FBH         LINE#         28
  C:0902H         LINE#         29
  C:090AH         LINE#         30
  C:0912H         LINE#         31
  C:091AH         LINE#         33
  C:091AH         LINE#         34
  C:091AH         LINE#         35
  C:091FH         LINE#         37
  C:0925H         LINE#         38
  C:0925H         LINE#         39
  C:0927H         LINE#         40
  C:092AH         LINE#         42
  C:0931H         LINE#         43
  C:0939H         LINE#         44
  C:0941H         LINE#         45
  C:0949H         LINE#         46
  C:0949H         LINE#         47
  C:0955H         LINE#         48
  -------         ENDPROC       MAIN
  -------         PROC          TIMER0_ROUTINE
  C:09B8H         LINE#         52
  C:09BEH         LINE#         54
  C:09C1H         LINE#         55
BL51 BANKED LINKER/LOCATER V6.22.4.0                                                  04/02/2026  09:39:21  PAGE 3


  C:09C4H         LINE#         56
  C:09C6H         LINE#         57
  C:09CFH         LINE#         59
  C:09D6H         LINE#         60
  C:09D6H         LINE#         61
  C:09D8H         LINE#         62
  C:09DAH         LINE#         64
  C:09DAH         LINE#         65
  C:09DCH         LINE#         66
  C:09DCH         LINE#         67
  -------         ENDPROC       TIMER0_ROUTINE
  -------         ENDMOD        MAIN

  -------         MODULE        TIMER0
  C:0000H         SYMBOL        _ICE_DUMMY_
  B:00A8H.7       PUBLIC        EA
  C:0A2BH         PUBLIC        Timer0_Init
  D:0089H         PUBLIC        TMOD
  B:00A8H.1       PUBLIC        ET0
  B:0088H.5       PUBLIC        TF0
  D:008CH         PUBLIC        TH0
  D:008AH         PUBLIC        TL0
  B:00B8H.1       PUBLIC        PT0
  B:0088H.4       PUBLIC        TR0
  -------         PROC          TIMER0_INIT
  C:0A2BH         LINE#         10
  C:0A2BH         LINE#         11
  C:0A2BH         LINE#         14
  C:0A2EH         LINE#         16
  C:0A31H         LINE#         19
  C:0A33H         LINE#         23
  C:0A35H         LINE#         26
  C:0A38H         LINE#         27
  C:0A3BH         LINE#         33
  C:0A3DH         LINE#         38
  C:0A3FH         LINE#         41
  C:0A41H         LINE#         47
  -------         ENDPROC       TIMER0_INIT
  -------         ENDMOD        TIMER0

  -------         MODULE        DELAY
  C:0000H         SYMBOL        _ICE_DUMMY_
  C:09E3H         PUBLIC        _Delay
  -------         PROC          _DELAY
  D:0006H         SYMBOL        x
  -------         DO            
  D:0004H         SYMBOL        t
  -------         DO            
  D:002DH         SYMBOL        i
  D:002EH         SYMBOL        j
  -------         ENDDO         
  -------         ENDDO         
  C:09E3H         LINE#         2
  C:09E3H         LINE#         3
  C:09E3H         LINE#         4
  C:09E6H         LINE#         5
  C:09F3H         LINE#         6
BL51 BANKED LINKER/LOCATER V6.22.4.0                                                  04/02/2026  09:39:21  PAGE 4


  C:09F3H         LINE#         8
  C:09F6H         LINE#         9
  C:09F9H         LINE#         11
  C:09F9H         LINE#         12
  C:09FCH         LINE#         13
  C:09FFH         LINE#         14
  C:0A06H         LINE#         15
  -------         ENDPROC       _DELAY
  -------         ENDMOD        DELAY

  -------         MODULE        KEY
  C:0000H         SYMBOL        _ICE_DUMMY_
  B:00B0H.0       PUBLIC        P3_0
  B:00B0H.1       PUBLIC        P3_1
  B:00B0H.2       PUBLIC        P3_2
  B:00B0H.3       PUBLIC        P3_3
  C:0957H         PUBLIC        Key
  -------         PROC          KEY
  -------         DO            
  D:002CH         SYMBOL        KeyNumber
  -------         ENDDO         
  C:0957H         LINE#         20
  C:0957H         LINE#         21
  C:0957H         LINE#         22
  C:095AH         LINE#         26
  C:0970H         LINE#         27
  C:0987H         LINE#         28
  C:099EH         LINE#         29
  C:09B5H         LINE#         31
  C:09B7H         LINE#         34
  -------         ENDPROC       KEY
  -------         ENDMOD        KEY

  -------         MODULE        NIXIE
  C:0000H         SYMBOL        _ICE_DUMMY_
  D:0080H         PUBLIC        P0
  B:00A0H.2       PUBLIC        P2_2
  B:00A0H.3       PUBLIC        P2_3
  B:00A0H.4       PUBLIC        P2_4
  C:088CH         PUBLIC        _nixie
  D:0008H         PUBLIC        nixietable
  -------         PROC          _NIXIE
  D:0006H         SYMBOL        Location
  D:0004H         SYMBOL        Number
  C:088CH         LINE#         9
  C:088CH         LINE#         10
  C:088CH         LINE#         11
  C:08BCH         LINE#         12
  C:08BCH         LINE#         13
  C:08C0H         LINE#         14
  C:08C4H         LINE#         15
  C:08C8H         LINE#         16
  C:08CCH         LINE#         17
  C:08D4H         LINE#         18
  C:08DCH         LINE#         19
  C:08E4H         LINE#         20
  C:08EAH         LINE#         21
BL51 BANKED LINKER/LOCATER V6.22.4.0                                                  04/02/2026  09:39:21  PAGE 5


  C:08EAH         LINE#         22
  C:08F4H         LINE#         23
  -------         ENDPROC       _NIXIE
  -------         ENDMOD        NIXIE

******************************************************************************
* RESTRICTED VERSION WITH 0800H BYTE CODE SIZE LIMIT; USED: 01B8H BYTE (21%) *
******************************************************************************

Program Size: data=48.0 xdata=0 code=584
LINK/LOCATE RUN COMPLETE.  0 WARNING(S),  0 ERROR(S)
