C51 COMPILER V9.60.7.0   KEY                                                               04/01/2026 16:50:48 PAGE 1   


C51 COMPILER V9.60.7.0, COMPILATION OF MODULE KEY
OBJECT MODULE PLACED IN .\Objects\Key.obj
COMPILER INVOKED BY: C:\Keil_v5\C51\BIN\C51.EXE Key.c OPTIMIZE(8,SPEED) BROWSE DEBUG OBJECTEXTEND PRINT(.\Listings\Key.l
                    -st) OBJECT(.\Objects\Key.obj)

line level    source

   1          //当按下独立按键后,能够实现记录当前按下的独立按键标号
   2          //并将标号转递给KeyNumber并且返回标号
   3          //方便在main函数中再次使用
   4          
   5          
   6          
   7          
   8          #include <REGX52.H>
   9          #include "Delay.h"
  10          
  11          
  12          /*
  13          * @brief    获取独立按键的密码
  14          * @param    无
  15          * @retval   按下按键的键码,范围0~4,无按键时返回0
  16          */
  17          unsigned char Key_KeyNumber;
  18          
  19          
  20          
  21          //按下按键返回独立按键标号,但是没有添加防抖和松开按键开始计时功能
  22          unsigned char Key(void)
  23          {
  24   1          unsigned char Temp = 0;
  25   1          Temp = Key_KeyNumber;
  26   1          Key_KeyNumber = 0;
  27   1          return Temp;
  28   1          
  29   1          
  30   1      }
  31          
  32          
  33          //返回当前按下的按键标号
  34          unsigned char Key_GateState()
  35          {
  36   1          unsigned char KeyNumber = 0;
  37   1          
  38   1          
  39   1          //P3_0 ~ 3是独立按键
  40   1          if(P3_1 == 0){KeyNumber=1;} 
  41   1          if(P3_0 == 0){KeyNumber=2;}
  42   1          if(P3_2 == 0){KeyNumber=3;}
  43   1          if(P3_3 == 0){KeyNumber=4;}
  44   1          
  45   1          return KeyNumber;
  46   1      }
  47          
  48          
  49          //这个函数的作用是在松开按键后保留按下按键的标号,以供其他函数使用
  50          void Key_Loop(void)
  51          {
  52   1          
  53   1          //LastState表示上一个状态,NowState表示现在的状态
  54   1          //当上一个状态非0且现在的状态为0则是松开按键,根据
C51 COMPILER V9.60.7.0   KEY                                                               04/01/2026 16:50:48 PAGE 2   

  55   1          //这一个松开按键的变化返回操控的按键是什么
  56   1          
  57   1          static unsigned char NowState,LastState;
  58   1          LastState = NowState;
  59   1          NowState = Key_GateState();
  60   1          
  61   1          
  62   1          //捕获按下按键时的电平跳变,并在松手时发送按下的按键位号
  63   1          if(LastState==1 && NowState ==0)
  64   1             {
  65   2                 Key_KeyNumber = 1;
  66   2             }
  67   1          if(LastState==2 && NowState ==0)
  68   1             {
  69   2                 Key_KeyNumber = 2;
  70   2             }
  71   1          if(LastState==3 && NowState ==0)
  72   1             {
  73   2                 Key_KeyNumber = 3;
  74   2             }
  75   1          if(LastState==4 && NowState ==0)
  76   1             {
  77   2                 Key_KeyNumber = 4;
  78   2             }
  79   1          
  80   1       }
  81          
  82          
  83          
  84          
  85          
  86          
  87          
  88          
  89          
  90          
  91          
  92          
  93          


MODULE INFORMATION:   STATIC OVERLAYABLE
   CODE SIZE        =     85    ----
   CONSTANT SIZE    =   ----    ----
   XDATA SIZE       =   ----    ----
   PDATA SIZE       =   ----    ----
   DATA SIZE        =      3    ----
   IDATA SIZE       =   ----    ----
   BIT SIZE         =   ----    ----
END OF MODULE INFORMATION.


C51 COMPILATION COMPLETE.  0 WARNING(S),  0 ERROR(S)
