BL51 BANKED LINKER/LOCATER V6.22.4.0                                                    04/01/2026  16:50:49  PAGE 1


BL51 BANKED LINKER/LOCATER V6.22.4.0, INVOKED BY:
C:\KEIL_V5\C51\BIN\BL51.EXE .\Objects\main.obj, .\Objects\Key.obj, .\Objects\nixie.obj, .\Objects\Timer0.obj, .\Objects\
>> Delay.obj TO .\Objects\main PRINT (.\Listings\main.m51) RAMSIZE (256) DISABLEWARNING (16)


MEMORY MODEL: SMALL


INPUT MODULES INCLUDED:
  .\Objects\main.obj (MAIN)
  .\Objects\Key.obj (KEY)
  .\Objects\nixie.obj (NIXIE)
  .\Objects\Timer0.obj (TIMER0)
  .\Objects\Delay.obj (DELAY)
  C:\KEIL_V5\C51\LIB\C51S.LIB (?C_STARTUP)
  C:\KEIL_V5\C51\LIB\C51S.LIB (?C_INIT)


LINK MAP OF MODULE:  .\Objects\main (MAIN)


            TYPE    BASE      LENGTH    RELOCATION   SEGMENT NAME
            -----------------------------------------------------

            * * * * * * *   D A T A   M E M O R Y   * * * * * * *
            REG     0000H     0008H     ABSOLUTE     "REG BANK 0"
            DATA    0008H     0022H     UNIT         ?DT?NIXIE
            DATA    002AH     000BH     UNIT         ?DT?MAIN
            DATA    0035H     0003H     UNIT         ?DT?KEY
            DATA    0038H     0002H     UNIT         ?DT?_DELAY?DELAY
            IDATA   003AH     0001H     UNIT         ?STACK

            * * * * * * *   C O D E   M E M O R Y   * * * * * * *
            CODE    0000H     0003H     ABSOLUTE     
                    0003H     0008H                  *** GAP ***
            CODE    000BH     0003H     ABSOLUTE     
                    000EH     07F2H                  *** GAP ***
            CODE    0800H     0094H     UNIT         ?PR?MAIN?MAIN
            CODE    0894H     008CH     UNIT         ?PR?TIMER0_ROUTINE?MAIN
            CODE    0920H     008CH     UNIT         ?C_C51STARTUP
            CODE    09ACH     006CH     UNIT         ?PR?_NIXIE_SCAN?NIXIE
            CODE    0A18H     0039H     UNIT         ?PR?KEY_LOOP?KEY
            CODE    0A51H     0028H     UNIT         ?PR?SEC_LOOP?MAIN
            CODE    0A79H     0024H     UNIT         ?PR?_DELAY?DELAY
            CODE    0A9DH     001DH     UNIT         ?PR?NIXIE_LOOP?NIXIE
            CODE    0ABAH     001BH     UNIT         ?C_INITSEG
            CODE    0AD5H     0017H     UNIT         ?PR?TIMER0_INIT?TIMER0
            CODE    0AECH     0016H     UNIT         ?PR?KEY_GATESTATE?KEY
            CODE    0B02H     0009H     UNIT         ?PR?_NIXIE_SETBUF?NIXIE
            CODE    0B0BH     0006H     UNIT         ?PR?KEY?KEY



OVERLAY MAP OF MODULE:   .\Objects\main (MAIN)


SEGMENT
  +--> CALLED SEGMENT
BL51 BANKED LINKER/LOCATER V6.22.4.0                                                  04/01/2026  16:50:49  PAGE 2


---------------------
?PR?TIMER0_ROUTINE?MAIN
  +--> ?PR?KEY_LOOP?KEY
  +--> ?PR?NIXIE_LOOP?NIXIE
  +--> ?PR?SEC_LOOP?MAIN

?PR?KEY_LOOP?KEY
  +--> ?PR?KEY_GATESTATE?KEY

?PR?NIXIE_LOOP?NIXIE
  +--> ?PR?_NIXIE_SCAN?NIXIE

*** NEW ROOT ***************************************************

?C_C51STARTUP
  +--> ?PR?MAIN?MAIN
  +--> ?C_INITSEG

?PR?MAIN?MAIN
  +--> ?PR?TIMER0_INIT?TIMER0
  +--> ?PR?KEY?KEY
  +--> ?PR?_NIXIE_SETBUF?NIXIE



SYMBOL TABLE OF MODULE:  .\Objects\main (MAIN)

  VALUE           TYPE          NAME
  ----------------------------------

  -------         MODULE        MAIN
  C:0000H         SYMBOL        _ICE_DUMMY_
  C:0894H         PUBLIC        Timer0_Routine
  C:0A51H         PUBLIC        Sec_Loop
  D:0030H         PUBLIC        Sec
  D:0031H         PUBLIC        Min
  C:0800H         PUBLIC        main
  D:0032H         PUBLIC        MinSec
  D:008CH         PUBLIC        TH0
  D:008AH         PUBLIC        TL0
  D:0033H         PUBLIC        KeyNum
  D:0034H         PUBLIC        runflag
  -------         PROC          MAIN
  C:0800H         LINE#         30
  C:0800H         LINE#         31
  C:0800H         LINE#         32
  C:0803H         LINE#         34
  C:0803H         LINE#         35
  C:0803H         LINE#         36
  C:0808H         LINE#         38
  C:080DH         LINE#         39
  C:080DH         LINE#         40
  C:0819H         LINE#         41
  C:0819H         LINE#         42
  C:081EH         LINE#         43
  C:081EH         LINE#         44
  C:0821H         LINE#         45
BL51 BANKED LINKER/LOCATER V6.22.4.0                                                  04/01/2026  16:50:49  PAGE 3


  C:0823H         LINE#         46
  C:0825H         LINE#         47
  C:0825H         LINE#         50
  C:0833H         LINE#         51
  C:0843H         LINE#         52
  C:084CH         LINE#         54
  C:085AH         LINE#         55
  C:086AH         LINE#         56
  C:0873H         LINE#         58
  C:0881H         LINE#         59
  C:0891H         LINE#         60
  -------         ENDPROC       MAIN
  -------         PROC          SEC_LOOP
  C:0A51H         LINE#         64
  C:0A51H         LINE#         65
  C:0A51H         LINE#         66
  C:0A55H         LINE#         67
  C:0A55H         LINE#         68
  C:0A57H         LINE#         69
  C:0A5EH         LINE#         70
  C:0A5EH         LINE#         71
  C:0A61H         LINE#         72
  C:0A63H         LINE#         73
  C:0A69H         LINE#         74
  C:0A69H         LINE#         75
  C:0A6CH         LINE#         76
  C:0A6EH         LINE#         77
  C:0A6EH         LINE#         78
  C:0A75H         LINE#         79
  C:0A75H         LINE#         80
  C:0A78H         LINE#         81
  C:0A78H         LINE#         82
  C:0A78H         LINE#         83
  C:0A78H         LINE#         85
  -------         ENDPROC       SEC_LOOP
  -------         PROC          TIMER0_ROUTINE
  -------         DO            
  D:002AH         SYMBOL        T0Count1
  D:002CH         SYMBOL        T0Count2
  D:002EH         SYMBOL        T0Count3
  -------         ENDDO         
  C:0894H         LINE#         89
  C:08B1H         LINE#         92
  C:08B4H         LINE#         93
  C:08B7H         LINE#         98
  C:08BFH         LINE#         99
  C:08C8H         LINE#         100
  C:08C8H         LINE#         101
  C:08CEH         LINE#         102
  C:08D1H         LINE#         104
  C:08D1H         LINE#         105
  C:08D9H         LINE#         106
  C:08E2H         LINE#         107
  C:08E2H         LINE#         108
  C:08E8H         LINE#         109
  C:08EBH         LINE#         110
  C:08EBH         LINE#         111
BL51 BANKED LINKER/LOCATER V6.22.4.0                                                  04/01/2026  16:50:49  PAGE 4


  C:08F3H         LINE#         112
  C:08FCH         LINE#         113
  C:08FCH         LINE#         114
  C:0902H         LINE#         115
  C:0905H         LINE#         117
  C:0905H         LINE#         121
  -------         ENDPROC       TIMER0_ROUTINE
  -------         ENDMOD        MAIN

  -------         MODULE        KEY
  C:0000H         SYMBOL        _ICE_DUMMY_
  C:0AECH         PUBLIC        Key_GateState
  B:00B0H.0       PUBLIC        P3_0
  B:00B0H.1       PUBLIC        P3_1
  B:00B0H.2       PUBLIC        P3_2
  B:00B0H.3       PUBLIC        P3_3
  D:0037H         PUBLIC        Key_KeyNumber
  C:0A18H         PUBLIC        Key_Loop
  C:0B0BH         PUBLIC        Key
  -------         PROC          KEY
  -------         DO            
  D:0007H         SYMBOL        Temp
  -------         ENDDO         
  C:0B0BH         LINE#         22
  C:0B0BH         LINE#         23
  C:0B0BH         LINE#         24
  C:0B0CH         LINE#         25
  C:0B0EH         LINE#         26
  C:0B10H         LINE#         27
  C:0B10H         LINE#         30
  -------         ENDPROC       KEY
  -------         PROC          KEY_GATESTATE
  -------         DO            
  D:0007H         SYMBOL        KeyNumber
  -------         ENDDO         
  C:0AECH         LINE#         34
  C:0AECH         LINE#         35
  C:0AECH         LINE#         36
  C:0AEEH         LINE#         40
  C:0AF2H         LINE#         41
  C:0AF7H         LINE#         42
  C:0AFCH         LINE#         43
  C:0B01H         LINE#         45
  C:0B01H         LINE#         46
  -------         ENDPROC       KEY_GATESTATE
  -------         PROC          KEY_LOOP
  -------         DO            
  D:0035H         SYMBOL        NowState
  D:0036H         SYMBOL        LastState
  -------         ENDDO         
  C:0A18H         LINE#         50
  C:0A18H         LINE#         51
  C:0A18H         LINE#         58
  C:0A1BH         LINE#         59
  C:0A20H         LINE#         63
  C:0A29H         LINE#         64
  C:0A29H         LINE#         65
BL51 BANKED LINKER/LOCATER V6.22.4.0                                                  04/01/2026  16:50:49  PAGE 5


  C:0A2CH         LINE#         66
  C:0A2CH         LINE#         67
  C:0A35H         LINE#         68
  C:0A35H         LINE#         69
  C:0A38H         LINE#         70
  C:0A38H         LINE#         71
  C:0A41H         LINE#         72
  C:0A41H         LINE#         73
  C:0A44H         LINE#         74
  C:0A44H         LINE#         75
  C:0A4DH         LINE#         76
  C:0A4DH         LINE#         77
  C:0A50H         LINE#         78
  C:0A50H         LINE#         80
  -------         ENDPROC       KEY_LOOP
  -------         ENDMOD        KEY

  -------         MODULE        NIXIE
  C:0000H         SYMBOL        _ICE_DUMMY_
  D:0080H         PUBLIC        P0
  C:09ACH         PUBLIC        _nixie_Scan
  B:00A0H.2       PUBLIC        P2_2
  B:00A0H.3       PUBLIC        P2_3
  B:00A0H.4       PUBLIC        P2_4
  C:0A9DH         PUBLIC        nixie_Loop
  D:0009H         PUBLIC        nixie_Buf
  D:0012H         PUBLIC        nixietable
  C:0B02H         PUBLIC        _nixie_SetBuf
  -------         PROC          _NIXIE_SETBUF
  D:0007H         SYMBOL        Location
  D:0004H         SYMBOL        Number
  C:0B02H         LINE#         15
  C:0B02H         LINE#         16
  C:0B02H         LINE#         17
  C:0B0AH         LINE#         18
  -------         ENDPROC       _NIXIE_SETBUF
  -------         PROC          _NIXIE_SCAN
  D:0006H         SYMBOL        Location
  D:0004H         SYMBOL        Number
  C:09ACH         LINE#         22
  C:09ACH         LINE#         23
  C:09ACH         LINE#         24
  C:09AFH         LINE#         27
  C:09DFH         LINE#         28
  C:09DFH         LINE#         29
  C:09E3H         LINE#         30
  C:09E7H         LINE#         31
  C:09EBH         LINE#         32
  C:09EFH         LINE#         33
  C:09F7H         LINE#         34
  C:09FFH         LINE#         35
  C:0A07H         LINE#         36
  C:0A0DH         LINE#         37
  C:0A0DH         LINE#         38
  C:0A17H         LINE#         39
  -------         ENDPROC       _NIXIE_SCAN
  -------         PROC          NIXIE_LOOP
BL51 BANKED LINKER/LOCATER V6.22.4.0                                                  04/01/2026  16:50:49  PAGE 6


  -------         DO            
  D:0008H         SYMBOL        i
  -------         ENDDO         
  C:0A9DH         LINE#         42
  C:0A9DH         LINE#         43
  C:0A9DH         LINE#         47
  C:0AADH         LINE#         48
  C:0AAFH         LINE#         49
  C:0AB9H         LINE#         51
  -------         ENDPROC       NIXIE_LOOP
  -------         ENDMOD        NIXIE

  -------         MODULE        TIMER0
  C:0000H         SYMBOL        _ICE_DUMMY_
  B:00A8H.7       PUBLIC        EA
  C:0AD5H         PUBLIC        Timer0_Init
  D:0089H         PUBLIC        TMOD
  B:00A8H.1       PUBLIC        ET0
  B:0088H.5       PUBLIC        TF0
  D:008CH         PUBLIC        TH0
  D:008AH         PUBLIC        TL0
  B:00B8H.1       PUBLIC        PT0
  B:0088H.4       PUBLIC        TR0
  -------         PROC          TIMER0_INIT
  C:0AD5H         LINE#         8
  C:0AD5H         LINE#         9
  C:0AD5H         LINE#         12
  C:0AD8H         LINE#         13
  C:0ADBH         LINE#         15
  C:0ADDH         LINE#         18
  C:0ADFH         LINE#         21
  C:0AE2H         LINE#         22
  C:0AE5H         LINE#         27
  C:0AE7H         LINE#         31
  C:0AE9H         LINE#         34
  C:0AEBH         LINE#         36
  -------         ENDPROC       TIMER0_INIT
  -------         ENDMOD        TIMER0

  -------         MODULE        DELAY
  C:0000H         SYMBOL        _ICE_DUMMY_
  C:0A79H         PUBLIC        _Delay
  -------         PROC          _DELAY
  D:0006H         SYMBOL        x
  -------         DO            
  D:0004H         SYMBOL        t
  -------         DO            
  D:0038H         SYMBOL        i
  D:0039H         SYMBOL        j
  -------         ENDDO         
  -------         ENDDO         
  C:0A79H         LINE#         2
  C:0A79H         LINE#         3
  C:0A79H         LINE#         4
  C:0A7CH         LINE#         5
  C:0A89H         LINE#         6
  C:0A89H         LINE#         8
BL51 BANKED LINKER/LOCATER V6.22.4.0                                                  04/01/2026  16:50:49  PAGE 7


  C:0A8CH         LINE#         9
  C:0A8FH         LINE#         11
  C:0A8FH         LINE#         12
  C:0A92H         LINE#         13
  C:0A95H         LINE#         14
  C:0A9CH         LINE#         15
  -------         ENDPROC       _DELAY
  -------         ENDMOD        DELAY

******************************************************************************
* RESTRICTED VERSION WITH 0800H BYTE CODE SIZE LIMIT; USED: 0287H BYTE (31%) *
******************************************************************************

Program Size: data=59.0 xdata=0 code=791
LINK/LOCATE RUN COMPLETE.  0 WARNING(S),  0 ERROR(S)
