C51 COMPILER V9.60.7.0   NIXIE                                                             04/01/2026 16:50:48 PAGE 1   


C51 COMPILER V9.60.7.0, COMPILATION OF MODULE NIXIE
OBJECT MODULE PLACED IN .\Objects\nixie.obj
COMPILER INVOKED BY: C:\Keil_v5\C51\BIN\C51.EXE nixie.c OPTIMIZE(8,SPEED) BROWSE DEBUG OBJECTEXTEND PRINT(.\Listings\nix
                    -ie.lst) OBJECT(.\Objects\nixie.obj)

line level    source

   1          #include <REGX52.H>
   2          
   3          //静态数码管显示表格,代表着{0,1,2,3,4,5,6,7,8,9,熄灭所有灯,显示分割横线}
   4          unsigned int nixietable[] = 
   5          {0x3f,0x06,0x5b,0x4f,
   6           0x66,0x6d,0x7d,0x07,
   7           0x7f,0x6f,0x00,0x40};
   8          
   9           
  10           //
  11          unsigned char nixie_Buf[9];
  12           
  13          
  14          //传入要写入的东西并存放在数组中
  15          void nixie_SetBuf(unsigned char Location,Number)
  16          {
  17   1          nixie_Buf[Location] = Number;//Number是从主函数中传进来的数,表明要在第几位显示几
  18   1      }    
  19          
  20          
  21          
  22          void nixie_Scan(int Location,int Number)
  23          {
  24   1              P0 = 0x00;//熄灭所有静态数码管,相当于初始化操作
  25   1          
  26   1          
  27   1                      switch(Location)//根据传入的Location选择要显示的静态数码管位置
  28   1                      {
  29   2                              case 1:P2_4 = 1;P2_3 = 1;P2_2 = 1;break;
  30   2                              case 2:P2_4 = 1;P2_3 = 1;P2_2 = 0;break;
  31   2                              case 3:P2_4 = 1;P2_3 = 0;P2_2 = 1;break;
  32   2                              case 4:P2_4 = 1;P2_3 = 0;P2_2 = 0;break;
  33   2                              case 5:P2_4 = 0;P2_3 = 1;P2_2 = 1;break;
  34   2                              case 6:P2_4 = 0;P2_3 = 1;P2_2 = 0;break;
  35   2                              case 7:P2_4 = 0;P2_3 = 0;P2_2 = 1;break;
  36   2                              case 8:P2_4 = 0;P2_3 = 0;P2_2 = 0;break;
  37   2                      }
  38   1                      P0 = nixietable[Number];//向
  39   1      }
  40          
  41          
  42          void nixie_Loop(void)
  43          {
  44   1          static unsigned char i;
  45   1          
  46   1          //在主函数中每20ms刷新一次静态数码管其中一位的显示状态
  47   1          nixie_Scan(i,nixie_Buf[i]);
  48   1          i ++;
  49   1          if(i >= 9){i = 1;}
  50   1          
  51   1      }


MODULE INFORMATION:   STATIC OVERLAYABLE
C51 COMPILER V9.60.7.0   NIXIE                                                             04/01/2026 16:50:48 PAGE 2   

   CODE SIZE        =    146    ----
   CONSTANT SIZE    =   ----    ----
   XDATA SIZE       =   ----    ----
   PDATA SIZE       =   ----    ----
   DATA SIZE        =     34    ----
   IDATA SIZE       =   ----    ----
   BIT SIZE         =   ----    ----
END OF MODULE INFORMATION.


C51 COMPILATION COMPLETE.  0 WARNING(S),  0 ERROR(S)
